#name "trivial5.sp"
#3 CLASS
#3 TYPEID Main
#3 LBRACE
#5 INT
#5 OBJECTID main
#5 LPAREN
#5 RPAREN
#5 LBRACE
#7 INT
#7 OBJECTID a
#7 EQUALS
#7 INT_CONST 20
#7 SEMICOLON
#8 INT
#8 OBJECTID b
#8 EQUALS
#8 INT_CONST 10
#8 SEMICOLON
#9 INT
#9 OBJECTID c
#9 EQUALS
#9 INT_CONST 15
#9 SEMICOLON
#10 INT
#10 OBJECTID d
#10 EQUALS
#10 INT_CONST 5
#10 SEMICOLON
#11 INT
#11 OBJECTID e
#11 SEMICOLON
#13 OBJECTID e
#13 EQUALS
#13 OBJECTID a
#13 MINUS
#13 OBJECTID c
#13 PLUS
#13 OBJECTID b
#13 STAR
#13 OBJECTID c
#13 SLASH
#13 OBJECTID a
#13 PERCENT
#13 OBJECTID d
#13 SEMICOLON
#14 OBJECTID d
#14 EQUALS
#14 OBJECTID c
#14 EQUALS
#14 OBJECTID e
#14 SEMICOLON
#15 STRING_CONST
#15 DOT
#15 OBJECTID put
#15 LPAREN
#15 RPAREN
#15 SEMICOLON
#16 OBJECTID e
#16 DOT
#16 OBJECTID put
#16 LPAREN
#16 RPAREN
#16 SEMICOLON
#17 STRING_CONST
#17 DOT
#17 OBJECTID put
#17 LPAREN
#17 RPAREN
#17 SEMICOLON
#19 IF
#19 LPAREN
#19 NOT
#19 OBJECTID a
#19 GT
#19 OBJECTID b
#19 AND
#19 OBJECTID c
#19 LTE
#19 OBJECTID d
#19 OR
#19 OBJECTID c
#19 GT
#19 OBJECTID b
#19 RPAREN
#19 LBRACE
#20 STRING_CONST
#20 DOT
#20 OBJECTID put
#20 LPAREN
#20 RPAREN
#20 SEMICOLON
#21 RBRACE
#22 ELSE
#22 LBRACE
#23 STRING_CONST
#23 DOT
#23 OBJECTID put
#23 LPAREN
#23 RPAREN
#23 SEMICOLON
#24 RBRACE
#27 IF
#27 LPAREN
#27 OBJECTID d
#27 GT
#27 OBJECTID c
#27 GT
#27 OBJECTID b
#27 GT
#27 OBJECTID a
#27 RPAREN
#27 LBRACE
#28 STRING_CONST
#28 DOT
#28 OBJECTID put
#28 LPAREN
#28 RPAREN
#28 SEMICOLON
#29 RBRACE
#30 ELSE
#30 LBRACE
#31 STRING_CONST
#31 DOT
#31 OBJECTID put
#31 LPAREN
#31 RPAREN
#31 SEMICOLON
#32 RBRACE
#34 RETURN
#34 INT_CONST 0
#34 SEMICOLON
#35 RBRACE
#36 RBRACE
#36 SEMICOLON
