(program (class_definition_list (class_definition (class_head class Main) { } ;)))
