#name "alm.sp"
#1 WHILE
#1 TYPEID Main
#1 FI
#2 IF
#2 '<'
