#name "trivial3.sp"
#5 CLASS
#5 TYPEID Main
#5 LBRACE
#7 TENSOR
#7 LT
#7 INT_CONST 5
#7 COMMA
#7 INT_CONST 5
#7 COMMA
#7 INT_CONST 3
#7 GT
#7 OBJECTID test
#7 SEMICOLON
#9 INT
#9 OBJECTID main
#9 LPAREN
#9 RPAREN
#9 LBRACE
#11 OBJECTID test
#11 DOT
#11 OBJECTID initialize
#11 LPAREN
#11 FLOAT_CONST 0.0
#11 RPAREN
#11 SEMICOLON
#12 TENSOR
#12 LT
#12 INT_CONST 5
#12 COMMA
#12 INT_CONST 5
#12 GT
#12 TYPEID A
#12 SEMICOLON
#13 TYPEID A
#13 EQUALS
#13 NEW
#13 TENSOR
#13 LT
#13 INT_CONST 5
#13 COMMA
#13 INT_CONST 5
#13 GT
#13 LPAREN
#13 RPAREN
#13 SEMICOLON
#14 TYPEID A
#14 DOT
#14 OBJECTID initialize
#14 LPAREN
#14 FLOAT_CONST 1.0
#14 RPAREN
#14 SEMICOLON
#18 FOR
#18 LPAREN
#18 INT
#18 OBJECTID i
#18 EQUALS
#18 INT_CONST 0
#18 SEMICOLON
#18 OBJECTID i
#18 LT
#18 INT_CONST 5
#18 SEMICOLON
#18 OBJECTID i
#18 PLUS
#18 PLUS
#18 RPAREN
#18 LBRACE
#19 FOR
#19 LPAREN
#19 INT
#19 OBJECTID j
#19 EQUALS
#19 INT_CONST 0
#19 SEMICOLON
#19 OBJECTID j
#19 LT
#19 INT_CONST 5
#19 SEMICOLON
#19 OBJECTID j
#19 PLUS
#19 PLUS
#19 RPAREN
#19 LBRACE
#20 TYPEID A
#20 LSQUARE
#20 OBJECTID i
#20 RSQUARE
#20 LSQUARE
#20 OBJECTID j
#20 RSQUARE
#20 EQUALS
#20 TYPEID A
#20 LSQUARE
#20 OBJECTID i
#20 RSQUARE
#20 LSQUARE
#20 OBJECTID j
#20 RSQUARE
#20 STAR
#20 FLOAT_CONST 10.0
#20 SEMICOLON
#21 RBRACE
#22 RBRACE
#25 TYPEID A
#25 EQUALS
#25 TYPEID A
#25 STAR
#25 LPAREN
#25 NEW_UNIQUE
#25 TENSOR
#25 LT
#25 INT_CONST 5
#25 COMMA
#25 INT_CONST 5
#25 GT
#25 LPAREN
#25 FLOAT_CONST 10.0
#25 RPAREN
#25 RPAREN
#25 SEMICOLON
#29 FOR
#29 LPAREN
#29 INT
#29 OBJECTID i
#29 EQUALS
#29 INT_CONST 0
#29 SEMICOLON
#29 OBJECTID i
#29 LT
#29 INT_CONST 3
#29 SEMICOLON
#29 OBJECTID i
#29 PLUS
#29 PLUS
#29 RPAREN
#29 LBRACE
#30 LPAREN
#30 OBJECTID test
#30 DOT
#30 OBJECTID slice
#30 LPAREN
#30 INT_CONST 0
#30 COLON
#30 INT_CONST 5
#30 COMMA
#30 INT_CONST 0
#30 COLON
#30 INT_CONST 5
#30 COMMA
#30 INT_CONST 0
#30 COLON
#30 INT_CONST 1
#30 RPAREN
#30 RPAREN
#30 AT
#30 TYPEID A
#30 SEMICOLON
#31 RBRACE
#33 RBRACE
#33 SEMICOLON
