#name "trivial4.sp"
#5 CLASS
#5 TYPEID Base
#5 LBRACE
#7 VOID
#7 OBJECTID print
#7 LPAREN
#7 RPAREN
#7 LBRACE
#8 STRING_CONST
#8 DOT
#8 OBJECTID put
#8 LPAREN
#8 RPAREN
#8 SEMICOLON
#9 RBRACE
#10 RBRACE
#10 SEMICOLON
#12 CLASS
#12 TYPEID Derived
#12 EXTENDS
#12 TYPEID Base
#12 LBRACE
#14 VOID
#14 OBJECTID print
#14 LPAREN
#14 RPAREN
#14 LBRACE
#15 STRING_CONST
#15 DOT
#15 OBJECTID put
#15 LPAREN
#15 RPAREN
#15 SEMICOLON
#15 SEMICOLON
#16 RBRACE
#17 RBRACE
#17 SEMICOLON
#18 CLASS
#18 TYPEID Main
#18 LBRACE
#20 INT
#20 OBJECTID main
#20 LBRACE
#22 TYPEID Derived
#22 OBJECTID obj1
#22 SEMICOLON
#23 TYPEID Base
#23 OBJECTID obj2
#23 SEMICOLON
#24 TYPEID Derived
#24 DOT
#24 OBJECTID print
#24 LPAREN
#24 RPAREN
#24 SEMICOLON
#25 TYPEID Base
#25 DOT
#25 OBJECTID print
#25 LPAREN
#25 RPAREN
#25 SEMICOLON
#26 RBRACE
#27 RBRACE
