#name "trivial2.sp"
#4 CLASS
#4 TYPEID Main
#4 LBRACE
#6 INT
#6 OBJECTID max
#6 SEMICOLON
#8 INT
#8 OBJECTID findMax
#8 LPAREN
#8 ARRAY
#8 LT
#8 INT
#8 COMMA
#8 GT
#8 TYPEID Local_arr
#8 RPAREN
#8 LBRACE
#10 OBJECTID max
#10 EQUALS
#10 TYPEID Local_arr
#10 LSQUARE
#10 INT_CONST 0
#10 RSQUARE
#10 SEMICOLON
#11 FOR
#11 LPAREN
#11 INT
#11 OBJECTID i
#11 EQUALS
#11 INT_CONST 0
#11 SEMICOLON
#11 OBJECTID i
#11 LT
#11 INT_CONST 10
#11 SEMICOLON
#11 OBJECTID i
#11 EQUALS
#11 OBJECTID i
#11 PLUS
#11 INT_CONST 1
#11 RPAREN
#11 LBRACE
#13 IF
#13 LPAREN
#13 TYPEID Local_arr
#13 LSQUARE
#13 INT_CONST 0
#13 RSQUARE
#13 GT
#13 OBJECTID max
#13 RPAREN
#13 LBRACE
#14 OBJECTID max
#14 EQUALS
#14 TYPEID Local_arr
#14 LSQUARE
#14 INT_CONST 0
#14 RSQUARE
#14 SEMICOLON
#15 RBRACE
#16 RBRACE
#17 RETURN
#17 OBJECTID max
#17 SEMICOLON
#18 RBRACE
#20 INT
#20 OBJECTID main
#20 LBRACE
#22 SHARED
#22 ARRAY
#22 LT
#22 INT
#22 COMMA
#22 INT_CONST 10
#22 GT
#22 OBJECTID arr
#22 SEMICOLON
#23 LPAREN
#23 STRING_CONST
#23 RPAREN
#23 DOT
#23 OBJECTID put
#23 LPAREN
#23 RPAREN
#23 SEMICOLON
#25 FOR
#25 LPAREN
#25 INT
#25 OBJECTID i
#25 EQUALS
#25 INT_CONST 0
#25 SEMICOLON
#25 OBJECTID i
#25 LT
#25 INT_CONST 10
#25 SEMICOLON
#25 OBJECTID i
#25 EQUALS
#25 OBJECTID i
#25 PLUS
#25 INT_CONST 1
#25 RPAREN
#25 LBRACE
#27 ERROR "#"
#27 TYPEID NOTE
#27 COLON
#27 OBJECTID arr
#27 LSQUARE
#27 OBJECTID i
#27 RSQUARE
#27 DOT
#27 OBJECTID get
#27 LPAREN
#27 RPAREN
#27 OBJECTID would
#27 OBJECTID raise
#27 OBJECTID an
#27 OBJECTID error
#27 COMMA
#27 OBJECTID as
#27 ERROR "'"
#27 OBJECTID arr
#27 LSQUARE
#27 OBJECTID i
#27 RSQUARE
#27 ERROR "'"
#27 OBJECTID is
#27 OBJECTID a
#27 TYPEID NULL
#27 OBJECTID ptr
#27 DOT
#29 OBJECTID arr
#29 LSQUARE
#29 OBJECTID i
#29 RSQUARE
#29 EQUALS
#29 NEW_UNIQUE
#29 INT
#29 LPAREN
#29 RPAREN
#29 SEMICOLON
#30 OBJECTID arr
#30 LSQUARE
#30 OBJECTID i
#30 RSQUARE
#30 DOT
#30 OBJECTID get
#30 LPAREN
#30 RPAREN
#30 SEMICOLON
#31 RBRACE
#32 OBJECTID findMax
#32 LPAREN
#32 OBJECTID arr
#32 RPAREN
#32 DOT
#32 OBJECTID put
#32 LPAREN
#32 RPAREN
#34 RETURN
#34 INT_CONST 0
#34 SEMICOLON
#35 RBRACE
#38 RBRACE
#38 SEMICOLON
