#name "trivial5.sp"
#3 CLASS
#3 TYPEID Main
#3 LBRACE
#5 INT
#5 OBJECTID main
#5 LPAREN
#5 RPAREN
#5 LBRACE
#7 INT
#7 OBJECTID a
#7 EQUALS
#7 INT_CONST 20
#7 SEMICOLON
#8 INT
#8 OBJECTID b
#8 EQUALS
#8 INT_CONST 10
#8 SEMICOLON
#9 INT
#9 OBJECTID c
#9 EQUALS
#9 INT_CONST 15
#9 SEMICOLON
#10 INT
#10 OBJECTID d
#10 EQUALS
#10 INT_CONST 5
#10 SEMICOLON
#11 INT
#11 OBJECTID e
#11 SEMICOLON
#13 OBJECTID e
#13 EQUALS
#13 OBJECTID a
#13 MINUS
#13 OBJECTID c
#13 PLUS
#13 OBJECTID b
#13 STAR
#13 OBJECTID c
#13 SLASH
#13 OBJECTID a
#13 PERCENT
#13 OBJECTID d
#13 SEMICOLON
#14 STRING_CONST
#14 DOT
#14 OBJECTID put
#14 LPAREN
#14 RPAREN
#14 SEMICOLON
#15 OBJECTID e
#15 DOT
#15 OBJECTID put
#15 LPAREN
#15 RPAREN
#15 SEMICOLON
#16 STRING_CONST
#16 DOT
#16 OBJECTID put
#16 LPAREN
#16 RPAREN
#16 SEMICOLON
#18 IF
#18 LPAREN
#18 NOT
#18 OBJECTID a
#18 GT
#18 OBJECTID b
#18 AND
#18 OBJECTID c
#18 LTE
#18 OBJECTID d
#18 OR
#18 OBJECTID c
#18 GT
#18 OBJECTID b
#18 RPAREN
#18 LBRACE
#19 STRING_CONST
#19 DOT
#19 OBJECTID put
#19 LPAREN
#19 RPAREN
#19 SEMICOLON
#20 RBRACE
#21 ELSE
#21 LBRACE
#22 STRING_CONST
#22 DOT
#22 OBJECTID put
#22 LPAREN
#22 RPAREN
#22 SEMICOLON
#23 RBRACE
#26 IF
#26 LPAREN
#26 OBJECTID d
#26 GT
#26 OBJECTID c
#26 GT
#26 OBJECTID b
#26 GT
#26 OBJECTID a
#26 RPAREN
#26 LBRACE
#27 STRING_CONST
#27 DOT
#27 OBJECTID put
#27 LPAREN
#27 RPAREN
#27 SEMICOLON
#28 RBRACE
#29 ELSE
#29 LBRACE
#30 STRING_CONST
#30 DOT
#30 OBJECTID put
#30 LPAREN
#30 RPAREN
#30 SEMICOLON
#31 RBRACE
#33 RETURN
#33 INT_CONST 0
#33 SEMICOLON
#34 RBRACE
#35 RBRACE
