#name "trivial8.sp"
#3 CLASS
#3 TYPEID Main
#3 LBRACE
#5 INT
#5 OBJECTID main
#5 LPAREN
#5 RPAREN
#5 LBRACE
#7 FLOAT
#7 OBJECTID a
#7 EQUALS
#7 FLOAT_CONST 5.4
#7 SEMICOLON
#8 INT
#8 OBJECTID b
#8 EQUALS
#8 INT_CONST 40
#8 SEMICOLON
#17 LPAREN
#17 STRING_CONST
#17 RPAREN
#17 DOT
#17 OBJECTID put
#17 LPAREN
#17 RPAREN
#17 SEMICOLON
#18 RETURN
#18 INT_CONST 0
#18 SEMICOLON
#19 RBRACE
#20 RBRACE
#20 SEMICOLON
