#name "trivial1.sp"
#3 CLASS
#3 TYPEID Main
#3 LBRACE
#5 INT
#5 OBJECTID main
#5 LPAREN
#5 RPAREN
#5 LBRACE
#7 INT
#7 OBJECTID x
#7 EQUALS
#7 INT_CONST 0
#7 SEMICOLON
#8 INT
#8 OBJECTID y
#8 EQUALS
#8 INT_CONST 9
#8 SEMICOLON
#9 INT
#9 OBJECTID z
#9 EQUALS
#9 OBJECTID x
#9 PLUS
#9 OBJECTID y
#9 SEMICOLON
#10 STRING_CONST
#10 DOT
#10 OBJECTID put
#10 LPAREN
#10 RPAREN
#10 SEMICOLON
#11 LPAREN
#11 STRING_CONST
#11 RPAREN
#11 DOT
#11 OBJECTID put
#11 LPAREN
#11 RPAREN
#11 SEMICOLON
#12 LPAREN
#12 OBJECTID x
#12 PLUS
#12 OBJECTID y
#12 RPAREN
#12 DOT
#12 OBJECTID put
#12 LPAREN
#12 RPAREN
#12 SEMICOLON
#13 STRING_CONST
#13 DOT
#13 OBJECTID put
#13 LPAREN
#13 RPAREN
#13 SEMICOLON
#15 RETURN
#15 INT_CONST 0
#15 SEMICOLON
#16 RBRACE
#17 RBRACE
#17 SEMICOLON
